    0     180000 Geometry                    312:12-312:12 ExpBox False
    1     180000 Geometry                    312:16-312:16 ExpBox False
    2     180000 Geometry                    312:12-312:16 ExpBox False
    3          0 Geometry                    312:12-312:16 BinBox GuardBinBox True
    4     180000 Geometry                    312:12-312:16 BinBox GuardBinBox False
    5          0 Geometry                    312:20-312:20 ExpBox True
    6     180000 Geometry                    313:12-313:12 ExpBox False
    7     180000 Geometry                    313:16-313:16 ExpBox False
    8     180000 Geometry                    313:12-313:16 ExpBox False
    9       4582 Geometry                    313:12-313:16 BinBox GuardBinBox True
   10     175418 Geometry                    313:12-313:16 BinBox GuardBinBox False
   11       4582 Geometry                    313:20-313:20 ExpBox True
   12     175418 Geometry                    314:12-314:15 ExpBox False
   13     175418 Geometry                    314:12-314:15 BinBox GuardBinBox True
   14          0 Geometry                    314:12-314:15 BinBox GuardBinBox False
   15     175418 Geometry                    314:20-314:20 ExpBox True
   16     180000 Geometry                     312:1-314:20 TopLevelBox ["clampf"]
   17          1 Geometry                     300:7-300:12 ExpBox False
   18          1 Geometry                     300:1-300:12 TopLevelBox ["inf"]
   19          1 Geometry                    299:11-299:17 ExpBox False
   20          1 Geometry                     299:1-299:17 TopLevelBox ["epsilon"]
   21          3 Geometry                    303:13-303:13 ExpBox False
   22          3 Geometry                    303:17-303:23 ExpBox False
   23          3 Geometry                    303:13-303:23 ExpBox False
   24          3 Geometry                    303:13-303:23 BinBox GuardBinBox True
   25          0 Geometry                    303:13-303:23 BinBox GuardBinBox False
   26          3 Geometry                    303:28-303:28 ExpBox True
   27          0 Geometry                    304:13-304:13 ExpBox False
   28          0 Geometry                    304:18-304:24 ExpBox False
   29          0 Geometry                    304:17-304:24 ExpBox False
   30          0 Geometry                    304:13-304:24 ExpBox False
   31          0 Geometry                    304:13-304:24 BinBox GuardBinBox True
   32          0 Geometry                    304:13-304:24 BinBox GuardBinBox False
   33          0 Geometry                    304:28-304:28 ExpBox True
   34          0 Geometry                    305:13-305:21 ExpBox False
   35          0 Geometry                    305:13-305:21 BinBox GuardBinBox True
   36          0 Geometry                    305:13-305:21 BinBox GuardBinBox False
   37          0 Geometry                    305:28-305:34 ExpBox True
   38          3 Geometry                     303:1-305:34 TopLevelBox ["nonZero"]
   39     376778 Geometry                    308:18-308:18 ExpBox False
   40     376778 Geometry                    308:20-308:20 ExpBox False
   41     376778 Geometry                    308:17-308:21 ExpBox False
   42     376778 Geometry                    308:13-308:21 ExpBox False
   43     376778 Geometry                    308:25-308:31 ExpBox False
   44     376778 Geometry                    308:13-308:31 ExpBox False
   45     376778 Geometry                     308:1-308:31 TopLevelBox ["eqEps"]
   46      44083 Geometry                     309:8-309:12 ExpBox False
   47      44083 Geometry                     309:1-309:12 TopLevelBox ["near"]
   48      32512 Geometry                    291:29-291:29 ExpBox False
   49      32512 Geometry                    291:38-291:38 ExpBox False
   50      32512 Geometry                    291:29-291:38 ExpBox False
   51       5785 Geometry                    291:43-291:43 ExpBox False
   52       5785 Geometry                    291:52-291:52 ExpBox False
   53       5785 Geometry                    291:43-291:52 ExpBox False
   54       5785 Geometry                    291:57-291:57 ExpBox False
   55       5785 Geometry                    291:66-291:66 ExpBox False
   56       5785 Geometry                    291:57-291:66 ExpBox False
   57       5785 Geometry                    291:43-291:66 ExpBox False
   58      32512 Geometry                    291:29-291:66 ExpBox False
   59      32512 Geometry                     291:1-291:66 TopLevelBox ["nearC"]
   60     183672 Geometry                    288:31-288:31 ExpBox False
   61     183672 Geometry                    288:33-288:33 ExpBox False
   62     183672 Geometry                    288:30-288:34 ExpBox False
   63     183672 Geometry                    288:37-288:37 ExpBox False
   64     183672 Geometry                    288:39-288:39 ExpBox False
   65     183672 Geometry                    288:36-288:40 ExpBox False
   66     183672 Geometry                    288:43-288:43 ExpBox False
   67     183672 Geometry                    288:45-288:45 ExpBox False
   68     183672 Geometry                    288:42-288:46 ExpBox False
   69     183672 Geometry                    288:28-288:46 ExpBox False
   70     183672 Geometry                     288:1-288:46 TopLevelBox ["multSC"]
   71     112863 Geometry                    285:33-285:33 ExpBox False
   72     112863 Geometry                    285:35-285:35 ExpBox False
   73     112863 Geometry                    285:32-285:36 ExpBox False
   74     112863 Geometry                    285:39-285:39 ExpBox False
   75     112863 Geometry                    285:41-285:41 ExpBox False
   76     112863 Geometry                    285:38-285:42 ExpBox False
   77     112863 Geometry                    285:45-285:45 ExpBox False
   78     112863 Geometry                    285:47-285:47 ExpBox False
   79     112863 Geometry                    285:44-285:48 ExpBox False
   80     112863 Geometry                    285:30-285:48 ExpBox False
   81     112863 Geometry                     285:1-285:48 TopLevelBox ["multCC"]
   82          0 Geometry                    279:32-279:32 ExpBox False
   83          0 Geometry                    279:34-279:34 ExpBox False
   84          0 Geometry                    279:31-279:35 ExpBox False
   85          0 Geometry                    279:38-279:38 ExpBox False
   86          0 Geometry                    279:40-279:40 ExpBox False
   87          0 Geometry                    279:37-279:41 ExpBox False
   88          0 Geometry                    279:44-279:44 ExpBox False
   89          0 Geometry                    279:46-279:46 ExpBox False
   90          0 Geometry                    279:43-279:47 ExpBox False
   91          0 Geometry                    279:29-279:47 ExpBox False
   92          0 Geometry                     279:1-279:47 TopLevelBox ["subCC"]
   93     151160 Geometry                    276:32-276:32 ExpBox False
   94     151160 Geometry                    276:34-276:34 ExpBox False
   95     151160 Geometry                    276:31-276:35 ExpBox False
   96     151160 Geometry                    276:38-276:38 ExpBox False
   97     151160 Geometry                    276:40-276:40 ExpBox False
   98     151160 Geometry                    276:37-276:41 ExpBox False
   99     151160 Geometry                    276:44-276:44 ExpBox False
  100     151160 Geometry                    276:46-276:46 ExpBox False
  101     151160 Geometry                    276:43-276:47 ExpBox False
  102     151160 Geometry                    276:29-276:47 ExpBox False
  103     151160 Geometry                     276:1-276:47 TopLevelBox ["addCC"]
  104          1 Geometry                    273:11-273:11 ExpBox False
  105          1 Geometry                    273:13-273:13 ExpBox False
  106          1 Geometry                    273:15-273:15 ExpBox False
  107          1 Geometry                     273:9-273:15 ExpBox False
  108          1 Geometry                     273:1-273:15 TopLevelBox ["black"]
  109          1 Geometry                    282:15-282:19 ExpBox False
  110          1 Geometry                    282:21-282:25 ExpBox False
  111          1 Geometry                     282:9-282:25 ExpBox False
  112          1 Geometry                     282:1-282:25 TopLevelBox ["sumCC"]
  113          0 Geometry                    271:11-271:11 ExpBox False
  114          0 Geometry                    271:13-271:13 ExpBox False
  115          0 Geometry                    271:15-271:15 ExpBox False
  116          0 Geometry                     271:9-271:15 ExpBox False
  117          0 Geometry                     271:1-271:15 TopLevelBox ["white"]
  118         12 Geometry                    240:47-240:49 ExpBox False
  119         12 Geometry                    240:52-240:54 ExpBox False
  120         12 Geometry                    240:57-240:59 ExpBox False
  121         12 Geometry                    240:62-240:64 ExpBox False
  122         12 Geometry                    240:44-240:65 ExpBox False
  123         12 Geometry                    241:47-241:49 ExpBox False
  124         12 Geometry                    241:52-241:54 ExpBox False
  125         12 Geometry                    241:57-241:59 ExpBox False
  126         12 Geometry                    241:62-241:64 ExpBox False
  127         12 Geometry                    241:44-241:65 ExpBox False
  128         12 Geometry                    242:47-242:49 ExpBox False
  129         12 Geometry                    242:52-242:54 ExpBox False
  130         12 Geometry                    242:57-242:59 ExpBox False
  131         12 Geometry                    242:62-242:64 ExpBox False
  132         12 Geometry                    242:44-242:65 ExpBox False
  133         12 Geometry                    243:47-243:49 ExpBox False
  134         12 Geometry                    243:52-243:54 ExpBox False
  135         12 Geometry                    243:57-243:59 ExpBox False
  136         12 Geometry                    243:62-243:64 ExpBox False
  137         12 Geometry                    243:44-243:65 ExpBox False
  138         12 Geometry                    240:41-243:66 ExpBox False
  139         12 Geometry                     237:1-243:66 TopLevelBox ["transposeM"]
  140     229838 Geometry                    223:25-223:25 ExpBox False
  141     229838 Geometry                    223:27-223:27 ExpBox False
  142     229838 Geometry                    223:24-223:28 ExpBox False
  143     229838 Geometry                    223:31-223:31 ExpBox False
  144     229838 Geometry                    223:33-223:33 ExpBox False
  145     229838 Geometry                    223:30-223:34 ExpBox False
  146     229838 Geometry                    223:37-223:37 ExpBox False
  147     229838 Geometry                    223:39-223:39 ExpBox False
  148     229838 Geometry                    223:36-223:40 ExpBox False
  149     229838 Geometry                    223:22-223:40 ExpBox False
  150     229838 Geometry                     223:1-223:40 TopLevelBox ["multSV"]
  151     419283 Geometry                      211:8-211:8 ExpBox False
  152     419283 Geometry                    211:12-211:12 ExpBox False
  153     419283 Geometry                     211:8-211:12 ExpBox False
  154     419283 Geometry                     211:1-211:12 TopLevelBox ["sq"]
  155          0 Geometry                    215:28-215:28 ExpBox False
  156          0 Geometry                    215:25-215:28 ExpBox False
  157          0 Geometry                    215:35-215:35 ExpBox False
  158          0 Geometry                    215:32-215:35 ExpBox False
  159          0 Geometry                    215:25-215:35 ExpBox False
  160          0 Geometry                    215:42-215:42 ExpBox False
  161          0 Geometry                    215:39-215:42 ExpBox False
  162          0 Geometry                    215:25-215:42 ExpBox False
  163          0 Geometry                     215:1-215:42 TopLevelBox ["distFrom0Sq"]
  164          0 Geometry                    219:33-219:33 ExpBox False
  165          0 Geometry                    219:20-219:34 ExpBox False
  166          0 Geometry                    219:15-219:34 ExpBox False
  167          0 Geometry                     219:1-219:34 TopLevelBox ["distFrom0"]
  168     139761 Geometry                    201:27-201:27 ExpBox False
  169     139761 Geometry                    201:24-201:27 ExpBox False
  170     139761 Geometry                    201:34-201:34 ExpBox False
  171     139761 Geometry                    201:31-201:34 ExpBox False
  172     139761 Geometry                    201:24-201:34 ExpBox False
  173     139761 Geometry                    201:41-201:41 ExpBox False
  174     139761 Geometry                    201:38-201:41 ExpBox False
  175     139761 Geometry                    201:23-201:42 ExpBox False
  176     139761 Geometry                    201:18-201:42 ExpBox False
  177     139761 Geometry                    201:11-201:42 LocalBox ["normalize","norm"]
  178     139761 Geometry                    199:16-199:19 ExpBox False
  179     139761 Geometry                    199:24-199:24 ExpBox False
  180     139761 Geometry                    199:16-199:24 ExpBox False
  181     139761 Geometry                    199:16-199:24 BinBox GuardBinBox True
  182          0 Geometry                    199:16-199:24 BinBox GuardBinBox False
  183     139761 Geometry                    199:36-199:36 ExpBox False
  184     139761 Geometry                    199:38-199:41 ExpBox False
  185     139761 Geometry                    199:35-199:42 ExpBox False
  186     139761 Geometry                    199:44-199:44 ExpBox False
  187     139761 Geometry                    199:28-199:44 ExpBox True
  188          0 Geometry                     200:9-200:17 ExpBox False
  189          0 Geometry                     200:9-200:17 BinBox GuardBinBox True
  190          0 Geometry                     200:9-200:17 BinBox GuardBinBox False
  191          0 Geometry                    200:27-200:44 ExpBox False
  192          0 Geometry                    200:21-200:44 ExpBox True
  193     139761 Geometry                     198:1-201:42 TopLevelBox ["normalize"]
  194          0 Geometry                    193:27-193:27 ExpBox False
  195          0 Geometry                    193:24-193:27 ExpBox False
  196          0 Geometry                    193:34-193:34 ExpBox False
  197          0 Geometry                    193:31-193:34 ExpBox False
  198          0 Geometry                    193:24-193:34 ExpBox False
  199          0 Geometry                    193:41-193:41 ExpBox False
  200          0 Geometry                    193:38-193:41 ExpBox False
  201          0 Geometry                    193:23-193:42 ExpBox False
  202          0 Geometry                    193:18-193:42 ExpBox False
  203          0 Geometry                     193:1-193:42 TopLevelBox ["norm"]
  204          0 Geometry                    189:10-189:11 ExpBox False
  205          0 Geometry                    189:15-189:16 ExpBox False
  206          0 Geometry                     189:9-189:17 ExpBox False
  207          0 Geometry                    189:20-189:21 ExpBox False
  208          0 Geometry                    189:25-189:26 ExpBox False
  209          0 Geometry                    189:19-189:27 ExpBox False
  210          0 Geometry                    189:30-189:31 ExpBox False
  211          0 Geometry                    189:35-189:36 ExpBox False
  212          0 Geometry                    189:29-189:37 ExpBox False
  213          0 Geometry                     189:7-189:37 ExpBox False
  214          0 Geometry                     188:1-189:37 TopLevelBox ["subPP"]
  215          0 Geometry                    207:26-207:27 ExpBox False
  216          0 Geometry                    207:29-207:30 ExpBox False
  217          0 Geometry                    207:20-207:30 ExpBox False
  218          0 Geometry                    205:18-205:18 ExpBox False
  219          0 Geometry                    205:15-205:18 ExpBox False
  220          0 Geometry                    205:25-205:25 ExpBox False
  221          0 Geometry                    205:22-205:25 ExpBox False
  222          0 Geometry                    205:15-205:25 ExpBox False
  223          0 Geometry                    205:32-205:32 ExpBox False
  224          0 Geometry                    205:29-205:32 ExpBox False
  225          0 Geometry                    205:15-205:32 ExpBox False
  226          0 Geometry                     205:1-207:30 TopLevelBox ["dist2"]
  227          0 Geometry                    185:11-185:12 ExpBox False
  228          0 Geometry                     185:9-185:13 ExpBox False
  229          0 Geometry                    185:17-185:18 ExpBox False
  230          0 Geometry                    185:15-185:19 ExpBox False
  231          0 Geometry                    185:23-185:24 ExpBox False
  232          0 Geometry                    185:21-185:25 ExpBox False
  233          0 Geometry                     185:7-185:25 ExpBox False
  234          0 Geometry                     184:1-185:25 TopLevelBox ["negV"]
  235      53539 Geometry                    181:10-181:11 ExpBox False
  236      53539 Geometry                    181:15-181:16 ExpBox False
  237      53539 Geometry                     181:9-181:17 ExpBox False
  238      53539 Geometry                    181:20-181:21 ExpBox False
  239      53539 Geometry                    181:25-181:26 ExpBox False
  240      53539 Geometry                    181:19-181:27 ExpBox False
  241      53539 Geometry                    181:30-181:31 ExpBox False
  242      53539 Geometry                    181:35-181:36 ExpBox False
  243      53539 Geometry                    181:29-181:37 ExpBox False
  244      53539 Geometry                     181:7-181:37 ExpBox False
  245      53539 Geometry                     180:1-181:37 TopLevelBox ["subVV"]
  246      63350 Geometry                    177:10-177:11 ExpBox False
  247      63350 Geometry                    177:15-177:16 ExpBox False
  248      63350 Geometry                     177:9-177:17 ExpBox False
  249      63350 Geometry                    177:20-177:21 ExpBox False
  250      63350 Geometry                    177:25-177:26 ExpBox False
  251      63350 Geometry                    177:19-177:27 ExpBox False
  252      63350 Geometry                    177:30-177:31 ExpBox False
  253      63350 Geometry                    177:35-177:36 ExpBox False
  254      63350 Geometry                    177:29-177:37 ExpBox False
  255      63350 Geometry                     177:7-177:37 ExpBox False
  256      63350 Geometry                     176:1-177:37 TopLevelBox ["addPV"]
  257      34539 Geometry                    294:25-294:25 ExpBox False
  258      34539 Geometry                    294:36-294:36 ExpBox False
  259      34539 Geometry                    294:47-294:47 ExpBox False
  260      34539 Geometry                    294:35-294:48 ExpBox False
  261      34539 Geometry                    294:25-294:48 ExpBox False
  262      34539 Geometry                     294:1-294:48 TopLevelBox ["offsetToPoint"]
  263          0 Geometry                    173:10-173:11 ExpBox False
  264          0 Geometry                    173:15-173:16 ExpBox False
  265          0 Geometry                     173:9-173:17 ExpBox False
  266          0 Geometry                    173:20-173:21 ExpBox False
  267          0 Geometry                    173:25-173:26 ExpBox False
  268          0 Geometry                    173:19-173:27 ExpBox False
  269          0 Geometry                    173:30-173:31 ExpBox False
  270          0 Geometry                    173:35-173:36 ExpBox False
  271          0 Geometry                    173:29-173:37 ExpBox False
  272          0 Geometry                     173:7-173:37 ExpBox False
  273          0 Geometry                     172:1-173:37 TopLevelBox ["addVV"]
  274    1323260 Geometry                    169:40-169:41 ExpBox False
  275    1323260 Geometry                    169:45-169:46 ExpBox False
  276    1323260 Geometry                    169:40-169:46 ExpBox False
  277    1323260 Geometry                    169:50-169:51 ExpBox False
  278    1323260 Geometry                    169:55-169:56 ExpBox False
  279    1323260 Geometry                    169:50-169:56 ExpBox False
  280    1323260 Geometry                    169:40-169:56 ExpBox False
  281    1323260 Geometry                    169:60-169:61 ExpBox False
  282    1323260 Geometry                    169:65-169:66 ExpBox False
  283    1323260 Geometry                    169:60-169:66 ExpBox False
  284    1323260 Geometry                    169:40-169:66 ExpBox False
  285    1323260 Geometry                    169:70-169:71 ExpBox False
  286    1323260 Geometry                    169:75-169:76 ExpBox False
  287    1323260 Geometry                    169:70-169:76 ExpBox False
  288    1323260 Geometry                    169:40-169:76 ExpBox False
  289    1323260 Geometry                     169:1-169:76 TopLevelBox ["dot4"]
  290     330815 Geometry                    261:18-261:18 ExpBox False
  291     330815 Geometry                    261:20-261:21 ExpBox False
  292     330815 Geometry                    261:12-261:22 ExpBox False
  293     330815 Geometry                    262:18-262:18 ExpBox False
  294     330815 Geometry                    262:20-262:21 ExpBox False
  295     330815 Geometry                    262:12-262:22 ExpBox False
  296     330815 Geometry                    263:18-263:18 ExpBox False
  297     330815 Geometry                    263:20-263:21 ExpBox False
  298     330815 Geometry                    263:12-263:22 ExpBox False
  299     330815 Geometry                    264:18-264:18 ExpBox False
  300     330815 Geometry                    264:20-264:21 ExpBox False
  301     330815 Geometry                    264:12-264:22 ExpBox False
  302     330815 Geometry                    261:10-264:22 ExpBox False
  303     330815 Geometry                     260:1-264:22 TopLevelBox ["multMQ"]
  304         12 Geometry                    233:23-233:24 ExpBox False
  305         12 Geometry                    233:12-233:24 ExpBox False
  306         12 Geometry                     233:6-233:24 LocalBox ["multMM","m2'"]
  307         12 Geometry                    228:18-228:20 ExpBox False
  308         12 Geometry                    228:22-228:23 ExpBox False
  309         12 Geometry                    228:10-228:24 ExpBox False
  310         12 Geometry                    229:18-229:20 ExpBox False
  311         12 Geometry                    229:22-229:23 ExpBox False
  312         12 Geometry                    229:10-229:24 ExpBox False
  313         12 Geometry                    230:18-230:20 ExpBox False
  314         12 Geometry                    230:22-230:23 ExpBox False
  315         12 Geometry                    230:10-230:24 ExpBox False
  316         12 Geometry                    231:18-231:20 ExpBox False
  317         12 Geometry                    231:22-231:23 ExpBox False
  318         12 Geometry                    231:10-231:24 ExpBox False
  319         12 Geometry                     228:8-231:24 ExpBox False
  320         12 Geometry                     227:1-233:24 TopLevelBox ["multMM"]
  321      32512 Geometry                      158:8-158:9 ExpBox False
  322      32512 Geometry                    158:13-158:14 ExpBox False
  323      32512 Geometry                     158:8-158:14 ExpBox False
  324      32512 Geometry                    158:18-158:19 ExpBox False
  325      32512 Geometry                    158:23-158:24 ExpBox False
  326      32512 Geometry                    158:18-158:24 ExpBox False
  327      32512 Geometry                     158:7-158:25 ExpBox False
  328      32512 Geometry                    158:28-158:29 ExpBox False
  329      32512 Geometry                    158:33-158:34 ExpBox False
  330      32512 Geometry                    158:28-158:34 ExpBox False
  331      32512 Geometry                    158:38-158:39 ExpBox False
  332      32512 Geometry                    158:43-158:44 ExpBox False
  333      32512 Geometry                    158:38-158:44 ExpBox False
  334      32512 Geometry                    158:27-158:45 ExpBox False
  335      32512 Geometry                    158:48-158:49 ExpBox False
  336      32512 Geometry                    158:53-158:54 ExpBox False
  337      32512 Geometry                    158:48-158:54 ExpBox False
  338      32512 Geometry                    158:58-158:59 ExpBox False
  339      32512 Geometry                    158:63-158:64 ExpBox False
  340      32512 Geometry                    158:58-158:64 ExpBox False
  341      32512 Geometry                    158:47-158:65 ExpBox False
  342      32512 Geometry                     158:5-158:65 ExpBox False
  343      32512 Geometry                     157:1-158:65 TopLevelBox ["cross"]
  344     112863 Geometry                    154:33-154:34 ExpBox False
  345     112863 Geometry                    154:38-154:39 ExpBox False
  346     112863 Geometry                    154:33-154:39 ExpBox False
  347     112863 Geometry                    154:43-154:44 ExpBox False
  348     112863 Geometry                    154:48-154:49 ExpBox False
  349     112863 Geometry                    154:43-154:49 ExpBox False
  350     112863 Geometry                    154:33-154:49 ExpBox False
  351     112863 Geometry                    154:53-154:54 ExpBox False
  352     112863 Geometry                    154:58-154:59 ExpBox False
  353     112863 Geometry                    154:53-154:59 ExpBox False
  354     112863 Geometry                    154:33-154:59 ExpBox False
  355     112863 Geometry                     154:1-154:59 TopLevelBox ["dot"]
  356     197872 Geometry                    150:32-150:32 ExpBox False
  357     197872 Geometry                    150:34-150:34 ExpBox False
  358     197872 Geometry                    150:36-150:36 ExpBox False
  359     197872 Geometry                    150:30-150:36 ExpBox False
  360     197872 Geometry                     150:1-150:36 TopLevelBox ["quad_to_vector"]
  361     132895 Geometry                    146:31-146:31 ExpBox False
  362     132895 Geometry                    146:33-146:33 ExpBox False
  363     132895 Geometry                    146:35-146:35 ExpBox False
  364     132895 Geometry                    146:29-146:35 ExpBox False
  365     132895 Geometry                     146:1-146:35 TopLevelBox ["quad_to_point"]
  366     132895 Geometry                    142:29-142:29 ExpBox False
  367     132895 Geometry                    142:31-142:31 ExpBox False
  368     132895 Geometry                    142:33-142:33 ExpBox False
  369     132895 Geometry                    142:35-142:35 ExpBox False
  370     132895 Geometry                    142:27-142:35 ExpBox False
  371     132895 Geometry                     142:1-142:35 TopLevelBox ["point_to_quad"]
  372     132895 Geometry                    254:36-254:36 ExpBox False
  373     132895 Geometry                    254:53-254:53 ExpBox False
  374     132895 Geometry                    254:38-254:54 ExpBox False
  375     132895 Geometry                    254:28-254:55 ExpBox False
  376     132895 Geometry                    254:14-254:55 ExpBox False
  377     132895 Geometry                     254:1-254:55 TopLevelBox ["multMP"]
  378     197872 Geometry                    138:30-138:30 ExpBox False
  379     197872 Geometry                    138:32-138:32 ExpBox False
  380     197872 Geometry                    138:34-138:34 ExpBox False
  381     197872 Geometry                    138:36-138:36 ExpBox False
  382     197872 Geometry                    138:28-138:36 ExpBox False
  383     197872 Geometry                     138:1-138:36 TopLevelBox ["vector_to_quad"]
  384     197872 Geometry                    250:37-250:37 ExpBox False
  385     197872 Geometry                    250:55-250:55 ExpBox False
  386     197872 Geometry                    250:39-250:56 ExpBox False
  387     197872 Geometry                    250:29-250:57 ExpBox False
  388     197872 Geometry                    250:14-250:57 ExpBox False
  389     197872 Geometry                     250:1-250:57 TopLevelBox ["multMV"]
  390     132847 Geometry                    268:27-268:27 ExpBox False
  391     132847 Geometry                    268:29-268:29 ExpBox False
  392     132847 Geometry                    268:20-268:29 ExpBox False
  393     132847 Geometry                    268:39-268:39 ExpBox False
  394     132847 Geometry                    268:41-268:41 ExpBox False
  395     132847 Geometry                    268:32-268:41 ExpBox False
  396     132847 Geometry                    268:19-268:42 ExpBox False
  397     132847 Geometry                     268:1-268:42 TopLevelBox ["multMR"]
  398          0 Geometry                    134:32-134:32 ExpBox False
  399          0 Geometry                    134:34-134:34 ExpBox False
  400          0 Geometry                    134:36-134:36 ExpBox False
  401          0 Geometry                    134:30-134:36 ExpBox False
  402          0 Geometry                     134:1-134:36 TopLevelBox ["vector_to_point"]
  403          0 Geometry                    131:31-131:31 ExpBox False
  404          0 Geometry                    131:33-131:33 ExpBox False
  405          0 Geometry                    131:35-131:35 ExpBox False
  406          0 Geometry                    131:29-131:35 ExpBox False
  407          0 Geometry                     131:1-131:35 TopLevelBox ["point_to_vector"]
  408          0 Geometry                    128:29-128:29 ExpBox False
  409          0 Geometry                    128:38-128:38 ExpBox False
  410          0 Geometry                    128:29-128:38 ExpBox False
  411          0 Geometry                    128:43-128:43 ExpBox False
  412          0 Geometry                    128:52-128:52 ExpBox False
  413          0 Geometry                    128:43-128:52 ExpBox False
  414          0 Geometry                    128:57-128:57 ExpBox False
  415          0 Geometry                    128:66-128:66 ExpBox False
  416          0 Geometry                    128:57-128:66 ExpBox False
  417          0 Geometry                    128:43-128:66 ExpBox False
  418          0 Geometry                    128:29-128:66 ExpBox False
  419          0 Geometry                     128:1-128:66 TopLevelBox ["nearV"]
  420     125025 Geometry                    125:18-125:18 ExpBox False
  421     125025 Geometry                    125:20-125:20 ExpBox False
  422     125025 Geometry                    125:22-125:22 ExpBox False
  423     125025 Geometry                    125:16-125:22 ExpBox False
  424     125025 Geometry                     125:1-125:22 TopLevelBox ["vector"]
  425          0 Geometry                    164:14-164:14 ExpBox False
  426          0 Geometry                    164:19-164:19 ExpBox False
  427          0 Geometry                    164:14-164:19 ExpBox False
  428          0 Geometry                    164:14-164:19 BinBox GuardBinBox True
  429          0 Geometry                    164:14-164:19 BinBox GuardBinBox False
  430          0 Geometry                    164:44-164:44 ExpBox False
  431          0 Geometry                    164:46-164:46 ExpBox False
  432          0 Geometry                    164:50-164:50 ExpBox False
  433          0 Geometry                    164:48-164:51 ExpBox False
  434          0 Geometry                    164:36-164:52 ExpBox False
  435          0 Geometry                    164:26-164:52 ExpBox True
  436          0 Geometry                     165:7-165:15 ExpBox False
  437          0 Geometry                     165:7-165:15 BinBox GuardBinBox True
  438          0 Geometry                     165:7-165:15 BinBox GuardBinBox False
  439          0 Geometry                    165:39-165:39 ExpBox False
  440          0 Geometry                    165:37-165:40 ExpBox False
  441          0 Geometry                    165:42-165:42 ExpBox False
  442          0 Geometry                    165:44-165:44 ExpBox False
  443          0 Geometry                    165:29-165:45 ExpBox False
  444          0 Geometry                    165:19-165:45 ExpBox True
  445          0 Geometry                     164:9-165:45 LocalBox ["tangents","v1"]
  446          0 Geometry                      163:6-163:7 ExpBox False
  447          0 Geometry                    163:10-163:10 ExpBox False
  448          0 Geometry                    163:20-163:21 ExpBox False
  449          0 Geometry                    163:10-163:21 ExpBox False
  450          0 Geometry                     163:5-163:22 ExpBox False
  451          0 Geometry                     162:1-165:45 TopLevelBox ["tangents"]
  452      26833 Geometry                    122:17-122:17 ExpBox False
  453      26833 Geometry                    122:19-122:19 ExpBox False
  454      26833 Geometry                    122:21-122:21 ExpBox False
  455      26833 Geometry                    122:15-122:21 ExpBox False
  456      26833 Geometry                     122:1-122:21 TopLevelBox ["point"]
  457     159631 Geometry                    119:24-119:24 ExpBox False
  458     159631 Geometry                     119:1-119:24 TopLevelBox ["zComponent"]
  459     248385 Geometry                    117:24-117:24 ExpBox False
  460     248385 Geometry                     117:1-117:24 TopLevelBox ["yComponent"]
  461     159631 Geometry                    115:24-115:24 ExpBox False
  462     159631 Geometry                     115:1-115:24 TopLevelBox ["xComponent"]
  463     188590 Geometry                    112:20-112:20 ExpBox False
  464     188590 Geometry                     112:1-112:20 TopLevelBox ["zCoord"]
  465     253212 Geometry                    110:20-110:20 ExpBox False
  466     253212 Geometry                     110:1-110:20 TopLevelBox ["yCoord"]
  467     187913 Geometry                    108:20-108:20 ExpBox False
  468     187913 Geometry                     108:1-108:20 TopLevelBox ["xCoord"]
  469      60000 Geometry                    105:22-105:22 ExpBox False
  470      60000 Geometry                    105:24-105:24 ExpBox False
  471      60000 Geometry                    105:26-105:26 ExpBox False
  472      60000 Geometry                    105:21-105:27 ExpBox False
  473      60000 Geometry                     105:1-105:27 TopLevelBox ["uncolor"]
  474      32514 Geometry                    103:17-103:17 ExpBox False
  475      32514 Geometry                    103:19-103:19 ExpBox False
  476      32514 Geometry                    103:21-103:21 ExpBox False
  477      32514 Geometry                    103:15-103:21 ExpBox False
  478      32514 Geometry                     103:1-103:21 TopLevelBox ["color"]
  479          0 Geometry                    101:16-101:16 ExpBox False
  480          0 Geometry                    101:19-101:19 ExpBox False
  481          0 Geometry                    101:22-101:22 ExpBox False
  482          0 Geometry                    101:15-101:23 ExpBox False
  483          0 Geometry                     101:1-101:23 TopLevelBox ["coord"]
  484         13 Geometry                      96:10-96:12 ExpBox False
  485         13 Geometry                      96:14-96:16 ExpBox False
  486         13 Geometry                      96:18-96:20 ExpBox False
  487         13 Geometry                      96:22-96:24 ExpBox False
  488         13 Geometry                       96:7-96:25 ExpBox False
  489         13 Geometry                      97:10-97:12 ExpBox False
  490         13 Geometry                      97:14-97:16 ExpBox False
  491         13 Geometry                      97:18-97:20 ExpBox False
  492         13 Geometry                      97:22-97:24 ExpBox False
  493         13 Geometry                       97:7-97:25 ExpBox False
  494         13 Geometry                      98:10-98:12 ExpBox False
  495         13 Geometry                      98:14-98:16 ExpBox False
  496         13 Geometry                      98:18-98:20 ExpBox False
  497         13 Geometry                      98:22-98:24 ExpBox False
  498         13 Geometry                       98:7-98:25 ExpBox False
  499         13 Geometry                      99:10-99:12 ExpBox False
  500         13 Geometry                      99:14-99:16 ExpBox False
  501         13 Geometry                      99:18-99:20 ExpBox False
  502         13 Geometry                      99:22-99:24 ExpBox False
  503         13 Geometry                       99:7-99:25 ExpBox False
  504         13 Geometry                       96:5-99:25 ExpBox False
  505         13 Geometry                       92:1-99:25 TopLevelBox ["matrix"]
