Usage: hpc draft [OPTION] .. <TIX_FILE>
Generate draft overlay that provides 100% coverage


Options:

    --exclude=[PACKAGE:][MODULE]  exclude MODULE and/or PACKAGE
    --include=[PACKAGE:][MODULE]  include MODULE and/or PACKAGE
    --srcdir=DIR                  path to source directory of .hs files
                                  multi-use of srcdir possible
    --hpcdir=DIR                  sub-directory that contains .mix files
                                  default .hpc [rarely used]
    --output=FILE                 output FILE

