Writing: Main.hs.html
Writing: hpc_index.html
Writing: hpc_index_fun.html
Writing: hpc_index_alt.html
Writing: hpc_index_exp.html
<html><style type="text/css">
span.lineno { color: white; background: #aaaaaa; border-right: solid white 12px }
span.nottickedoff { color: #404040; background: white; font-style: oblique }
span.istickedoff { color: black; background: #d0c0ff; font-style: normal; }
span.tickonlyfalse { margin: -1px; border: 1px solid #f20913; background: #f20913 }
span.tickonlytrue  { margin: -1px; border: 1px solid #60de51; background: #60de51 }
span.funcount { font-size: small; color: orange; z-index: 2; position: absolute; right: 20 }
span.decl { font-weight: bold; background: #d0c0ff }
span.spaces    { background: white }
</style>
<pre>
<span class="lineno">    1 </span><span class="decl"><span class="istickedoff">main = print (const &quot;Hello&quot; <span class="nottickedoff">&quot;World&quot;</span>)</span></span>

</pre>
</html>
