Before:
[".","..","source"]
After:
[".","..","source","target"]
"This is the data"
