getGroupEntryForName: thisIsNotMeantToExist: getGroupEntryForName: does not exist (no group name)

