Cases: 592  Tried: 0  Errors: 0  Failures: 0Cases: 592  Tried: 1  Errors: 0  Failures: 0Cases: 592  Tried: 2  Errors: 0  Failures: 0Cases: 592  Tried: 3  Errors: 0  Failures: 0Cases: 592  Tried: 4  Errors: 0  Failures: 0Cases: 592  Tried: 5  Errors: 0  Failures: 0Cases: 592  Tried: 6  Errors: 0  Failures: 0Cases: 592  Tried: 7  Errors: 0  Failures: 0Cases: 592  Tried: 8  Errors: 0  Failures: 0Cases: 592  Tried: 9  Errors: 0  Failures: 0Cases: 592  Tried: 10  Errors: 0  Failures: 0Cases: 592  Tried: 11  Errors: 0  Failures: 0Cases: 592  Tried: 12  Errors: 0  Failures: 0Cases: 592  Tried: 13  Errors: 0  Failures: 0Cases: 592  Tried: 14  Errors: 0  Failures: 0Cases: 592  Tried: 15  Errors: 0  Failures: 0Cases: 592  Tried: 16  Errors: 0  Failures: 0Cases: 592  Tried: 17  Errors: 0  Failures: 0Cases: 592  Tried: 18  Errors: 0  Failures: 0Cases: 592  Tried: 19  Errors: 0  Failures: 0Cases: 592  Tried: 20  Errors: 0  Failures: 0Cases: 592  Tried: 21  Errors: 0  Failures: 0Cases: 592  Tried: 22  Errors: 0  Failures: 0Cases: 592  Tried: 23  Errors: 0  Failures: 0Cases: 592  Tried: 24  Errors: 0  Failures: 0Cases: 592  Tried: 25  Errors: 0  Failures: 0Cases: 592  Tried: 26  Errors: 0  Failures: 0Cases: 592  Tried: 27  Errors: 0  Failures: 0Cases: 592  Tried: 28  Errors: 0  Failures: 0Cases: 592  Tried: 29  Errors: 0  Failures: 0Cases: 592  Tried: 30  Errors: 0  Failures: 0Cases: 592  Tried: 31  Errors: 0  Failures: 0Cases: 592  Tried: 32  Errors: 0  Failures: 0Cases: 592  Tried: 33  Errors: 0  Failures: 0Cases: 592  Tried: 34  Errors: 0  Failures: 0Cases: 592  Tried: 35  Errors: 0  Failures: 0Cases: 592  Tried: 36  Errors: 0  Failures: 0Cases: 592  Tried: 37  Errors: 0  Failures: 0Cases: 592  Tried: 38  Errors: 0  Failures: 0Cases: 592  Tried: 39  Errors: 0  Failures: 0Cases: 592  Tried: 40  Errors: 0  Failures: 0Cases: 592  Tried: 41  Errors: 0  Failures: 0Cases: 592  Tried: 42  Errors: 0  Failures: 0Cases: 592  Tried: 43  Errors: 0  Failures: 0Cases: 592  Tried: 44  Errors: 0  Failures: 0Cases: 592  Tried: 45  Errors: 0  Failures: 0Cases: 592  Tried: 46  Errors: 0  Failures: 0Cases: 592  Tried: 47  Errors: 0  Failures: 0Cases: 592  Tried: 48  Errors: 0  Failures: 0Cases: 592  Tried: 49  Errors: 0  Failures: 0Cases: 592  Tried: 50  Errors: 0  Failures: 0Cases: 592  Tried: 51  Errors: 0  Failures: 0Cases: 592  Tried: 52  Errors: 0  Failures: 0Cases: 592  Tried: 53  Errors: 0  Failures: 0Cases: 592  Tried: 54  Errors: 0  Failures: 0Cases: 592  Tried: 55  Errors: 0  Failures: 0Cases: 592  Tried: 56  Errors: 0  Failures: 0Cases: 592  Tried: 57  Errors: 0  Failures: 0Cases: 592  Tried: 58  Errors: 0  Failures: 0Cases: 592  Tried: 59  Errors: 0  Failures: 0Cases: 592  Tried: 60  Errors: 0  Failures: 0Cases: 592  Tried: 61  Errors: 0  Failures: 0Cases: 592  Tried: 62  Errors: 0  Failures: 0Cases: 592  Tried: 63  Errors: 0  Failures: 0Cases: 592  Tried: 64  Errors: 0  Failures: 0Cases: 592  Tried: 65  Errors: 0  Failures: 0Cases: 592  Tried: 66  Errors: 0  Failures: 0Cases: 592  Tried: 67  Errors: 0  Failures: 0Cases: 592  Tried: 68  Errors: 0  Failures: 0Cases: 592  Tried: 69  Errors: 0  Failures: 0Cases: 592  Tried: 70  Errors: 0  Failures: 0Cases: 592  Tried: 71  Errors: 0  Failures: 0Cases: 592  Tried: 72  Errors: 0  Failures: 0Cases: 592  Tried: 73  Errors: 0  Failures: 0Cases: 592  Tried: 74  Errors: 0  Failures: 0Cases: 592  Tried: 75  Errors: 0  Failures: 0Cases: 592  Tried: 76  Errors: 0  Failures: 0Cases: 592  Tried: 77  Errors: 0  Failures: 0Cases: 592  Tried: 78  Errors: 0  Failures: 0Cases: 592  Tried: 79  Errors: 0  Failures: 0Cases: 592  Tried: 80  Errors: 0  Failures: 0Cases: 592  Tried: 81  Errors: 0  Failures: 0Cases: 592  Tried: 82  Errors: 0  Failures: 0Cases: 592  Tried: 83  Errors: 0  Failures: 0Cases: 592  Tried: 84  Errors: 0  Failures: 0Cases: 592  Tried: 85  Errors: 0  Failures: 0Cases: 592  Tried: 86  Errors: 0  Failures: 0Cases: 592  Tried: 87  Errors: 0  Failures: 0Cases: 592  Tried: 88  Errors: 0  Failures: 0Cases: 592  Tried: 89  Errors: 0  Failures: 0Cases: 592  Tried: 90  Errors: 0  Failures: 0Cases: 592  Tried: 91  Errors: 0  Failures: 0Cases: 592  Tried: 92  Errors: 0  Failures: 0Cases: 592  Tried: 93  Errors: 0  Failures: 0Cases: 592  Tried: 94  Errors: 0  Failures: 0Cases: 592  Tried: 95  Errors: 0  Failures: 0Cases: 592  Tried: 96  Errors: 0  Failures: 0Cases: 592  Tried: 97  Errors: 0  Failures: 0Cases: 592  Tried: 98  Errors: 0  Failures: 0Cases: 592  Tried: 99  Errors: 0  Failures: 0Cases: 592  Tried: 100  Errors: 0  Failures: 0Cases: 592  Tried: 101  Errors: 0  Failures: 0Cases: 592  Tried: 102  Errors: 0  Failures: 0Cases: 592  Tried: 103  Errors: 0  Failures: 0Cases: 592  Tried: 104  Errors: 0  Failures: 0Cases: 592  Tried: 105  Errors: 0  Failures: 0Cases: 592  Tried: 106  Errors: 0  Failures: 0Cases: 592  Tried: 107  Errors: 0  Failures: 0Cases: 592  Tried: 108  Errors: 0  Failures: 0Cases: 592  Tried: 109  Errors: 0  Failures: 0Cases: 592  Tried: 110  Errors: 0  Failures: 0Cases: 592  Tried: 111  Errors: 0  Failures: 0Cases: 592  Tried: 112  Errors: 0  Failures: 0Cases: 592  Tried: 113  Errors: 0  Failures: 0Cases: 592  Tried: 114  Errors: 0  Failures: 0Cases: 592  Tried: 115  Errors: 0  Failures: 0Cases: 592  Tried: 116  Errors: 0  Failures: 0Cases: 592  Tried: 117  Errors: 0  Failures: 0Cases: 592  Tried: 118  Errors: 0  Failures: 0Cases: 592  Tried: 119  Errors: 0  Failures: 0Cases: 592  Tried: 120  Errors: 0  Failures: 0Cases: 592  Tried: 121  Errors: 0  Failures: 0Cases: 592  Tried: 122  Errors: 0  Failures: 0Cases: 592  Tried: 123  Errors: 0  Failures: 0Cases: 592  Tried: 124  Errors: 0  Failures: 0Cases: 592  Tried: 125  Errors: 0  Failures: 0Cases: 592  Tried: 126  Errors: 0  Failures: 0Cases: 592  Tried: 127  Errors: 0  Failures: 0Cases: 592  Tried: 128  Errors: 0  Failures: 0Cases: 592  Tried: 129  Errors: 0  Failures: 0Cases: 592  Tried: 130  Errors: 0  Failures: 0Cases: 592  Tried: 131  Errors: 0  Failures: 0Cases: 592  Tried: 132  Errors: 0  Failures: 0Cases: 592  Tried: 133  Errors: 0  Failures: 0Cases: 592  Tried: 134  Errors: 0  Failures: 0Cases: 592  Tried: 135  Errors: 0  Failures: 0Cases: 592  Tried: 136  Errors: 0  Failures: 0Cases: 592  Tried: 137  Errors: 0  Failures: 0Cases: 592  Tried: 138  Errors: 0  Failures: 0Cases: 592  Tried: 139  Errors: 0  Failures: 0Cases: 592  Tried: 140  Errors: 0  Failures: 0Cases: 592  Tried: 141  Errors: 0  Failures: 0Cases: 592  Tried: 142  Errors: 0  Failures: 0Cases: 592  Tried: 143  Errors: 0  Failures: 0Cases: 592  Tried: 144  Errors: 0  Failures: 0Cases: 592  Tried: 145  Errors: 0  Failures: 0Cases: 592  Tried: 146  Errors: 0  Failures: 0Cases: 592  Tried: 147  Errors: 0  Failures: 0Cases: 592  Tried: 148  Errors: 0  Failures: 0Cases: 592  Tried: 149  Errors: 0  Failures: 0Cases: 592  Tried: 150  Errors: 0  Failures: 0Cases: 592  Tried: 151  Errors: 0  Failures: 0Cases: 592  Tried: 152  Errors: 0  Failures: 0Cases: 592  Tried: 153  Errors: 0  Failures: 0Cases: 592  Tried: 154  Errors: 0  Failures: 0Cases: 592  Tried: 155  Errors: 0  Failures: 0Cases: 592  Tried: 156  Errors: 0  Failures: 0Cases: 592  Tried: 157  Errors: 0  Failures: 0Cases: 592  Tried: 158  Errors: 0  Failures: 0Cases: 592  Tried: 159  Errors: 0  Failures: 0Cases: 592  Tried: 160  Errors: 0  Failures: 0Cases: 592  Tried: 161  Errors: 0  Failures: 0Cases: 592  Tried: 162  Errors: 0  Failures: 0Cases: 592  Tried: 163  Errors: 0  Failures: 0Cases: 592  Tried: 164  Errors: 0  Failures: 0Cases: 592  Tried: 165  Errors: 0  Failures: 0Cases: 592  Tried: 166  Errors: 0  Failures: 0Cases: 592  Tried: 167  Errors: 0  Failures: 0Cases: 592  Tried: 168  Errors: 0  Failures: 0Cases: 592  Tried: 169  Errors: 0  Failures: 0Cases: 592  Tried: 170  Errors: 0  Failures: 0Cases: 592  Tried: 171  Errors: 0  Failures: 0Cases: 592  Tried: 172  Errors: 0  Failures: 0Cases: 592  Tried: 173  Errors: 0  Failures: 0Cases: 592  Tried: 174  Errors: 0  Failures: 0Cases: 592  Tried: 175  Errors: 0  Failures: 0Cases: 592  Tried: 176  Errors: 0  Failures: 0Cases: 592  Tried: 177  Errors: 0  Failures: 0Cases: 592  Tried: 178  Errors: 0  Failures: 0Cases: 592  Tried: 179  Errors: 0  Failures: 0Cases: 592  Tried: 180  Errors: 0  Failures: 0Cases: 592  Tried: 181  Errors: 0  Failures: 0Cases: 592  Tried: 182  Errors: 0  Failures: 0Cases: 592  Tried: 183  Errors: 0  Failures: 0Cases: 592  Tried: 184  Errors: 0  Failures: 0Cases: 592  Tried: 185  Errors: 0  Failures: 0Cases: 592  Tried: 186  Errors: 0  Failures: 0Cases: 592  Tried: 187  Errors: 0  Failures: 0Cases: 592  Tried: 188  Errors: 0  Failures: 0Cases: 592  Tried: 189  Errors: 0  Failures: 0Cases: 592  Tried: 190  Errors: 0  Failures: 0Cases: 592  Tried: 191  Errors: 0  Failures: 0Cases: 592  Tried: 192  Errors: 0  Failures: 0Cases: 592  Tried: 193  Errors: 0  Failures: 0Cases: 592  Tried: 194  Errors: 0  Failures: 0Cases: 592  Tried: 195  Errors: 0  Failures: 0Cases: 592  Tried: 196  Errors: 0  Failures: 0Cases: 592  Tried: 197  Errors: 0  Failures: 0Cases: 592  Tried: 198  Errors: 0  Failures: 0Cases: 592  Tried: 199  Errors: 0  Failures: 0Cases: 592  Tried: 200  Errors: 0  Failures: 0Cases: 592  Tried: 201  Errors: 0  Failures: 0Cases: 592  Tried: 202  Errors: 0  Failures: 0Cases: 592  Tried: 203  Errors: 0  Failures: 0Cases: 592  Tried: 204  Errors: 0  Failures: 0Cases: 592  Tried: 205  Errors: 0  Failures: 0Cases: 592  Tried: 206  Errors: 0  Failures: 0Cases: 592  Tried: 207  Errors: 0  Failures: 0Cases: 592  Tried: 208  Errors: 0  Failures: 0Cases: 592  Tried: 209  Errors: 0  Failures: 0Cases: 592  Tried: 210  Errors: 0  Failures: 0Cases: 592  Tried: 211  Errors: 0  Failures: 0Cases: 592  Tried: 212  Errors: 0  Failures: 0Cases: 592  Tried: 213  Errors: 0  Failures: 0Cases: 592  Tried: 214  Errors: 0  Failures: 0Cases: 592  Tried: 215  Errors: 0  Failures: 0Cases: 592  Tried: 216  Errors: 0  Failures: 0Cases: 592  Tried: 217  Errors: 0  Failures: 0Cases: 592  Tried: 218  Errors: 0  Failures: 0Cases: 592  Tried: 219  Errors: 0  Failures: 0Cases: 592  Tried: 220  Errors: 0  Failures: 0Cases: 592  Tried: 221  Errors: 0  Failures: 0Cases: 592  Tried: 222  Errors: 0  Failures: 0Cases: 592  Tried: 223  Errors: 0  Failures: 0Cases: 592  Tried: 224  Errors: 0  Failures: 0Cases: 592  Tried: 225  Errors: 0  Failures: 0Cases: 592  Tried: 226  Errors: 0  Failures: 0Cases: 592  Tried: 227  Errors: 0  Failures: 0Cases: 592  Tried: 228  Errors: 0  Failures: 0Cases: 592  Tried: 229  Errors: 0  Failures: 0Cases: 592  Tried: 230  Errors: 0  Failures: 0Cases: 592  Tried: 231  Errors: 0  Failures: 0Cases: 592  Tried: 232  Errors: 0  Failures: 0Cases: 592  Tried: 233  Errors: 0  Failures: 0Cases: 592  Tried: 234  Errors: 0  Failures: 0Cases: 592  Tried: 235  Errors: 0  Failures: 0Cases: 592  Tried: 236  Errors: 0  Failures: 0Cases: 592  Tried: 237  Errors: 0  Failures: 0Cases: 592  Tried: 238  Errors: 0  Failures: 0Cases: 592  Tried: 239  Errors: 0  Failures: 0Cases: 592  Tried: 240  Errors: 0  Failures: 0Cases: 592  Tried: 241  Errors: 0  Failures: 0Cases: 592  Tried: 242  Errors: 0  Failures: 0Cases: 592  Tried: 243  Errors: 0  Failures: 0Cases: 592  Tried: 244  Errors: 0  Failures: 0Cases: 592  Tried: 245  Errors: 0  Failures: 0Cases: 592  Tried: 246  Errors: 0  Failures: 0Cases: 592  Tried: 247  Errors: 0  Failures: 0Cases: 592  Tried: 248  Errors: 0  Failures: 0Cases: 592  Tried: 249  Errors: 0  Failures: 0Cases: 592  Tried: 250  Errors: 0  Failures: 0Cases: 592  Tried: 251  Errors: 0  Failures: 0Cases: 592  Tried: 252  Errors: 0  Failures: 0Cases: 592  Tried: 253  Errors: 0  Failures: 0Cases: 592  Tried: 254  Errors: 0  Failures: 0Cases: 592  Tried: 255  Errors: 0  Failures: 0Cases: 592  Tried: 256  Errors: 0  Failures: 0Cases: 592  Tried: 257  Errors: 0  Failures: 0Cases: 592  Tried: 258  Errors: 0  Failures: 0Cases: 592  Tried: 259  Errors: 0  Failures: 0Cases: 592  Tried: 260  Errors: 0  Failures: 0Cases: 592  Tried: 261  Errors: 0  Failures: 0Cases: 592  Tried: 262  Errors: 0  Failures: 0Cases: 592  Tried: 263  Errors: 0  Failures: 0Cases: 592  Tried: 264  Errors: 0  Failures: 0Cases: 592  Tried: 265  Errors: 0  Failures: 0Cases: 592  Tried: 266  Errors: 0  Failures: 0Cases: 592  Tried: 267  Errors: 0  Failures: 0Cases: 592  Tried: 268  Errors: 0  Failures: 0Cases: 592  Tried: 269  Errors: 0  Failures: 0Cases: 592  Tried: 270  Errors: 0  Failures: 0Cases: 592  Tried: 271  Errors: 0  Failures: 0Cases: 592  Tried: 272  Errors: 0  Failures: 0Cases: 592  Tried: 273  Errors: 0  Failures: 0Cases: 592  Tried: 274  Errors: 0  Failures: 0Cases: 592  Tried: 275  Errors: 0  Failures: 0Cases: 592  Tried: 276  Errors: 0  Failures: 0Cases: 592  Tried: 277  Errors: 0  Failures: 0Cases: 592  Tried: 278  Errors: 0  Failures: 0Cases: 592  Tried: 279  Errors: 0  Failures: 0Cases: 592  Tried: 280  Errors: 0  Failures: 0Cases: 592  Tried: 281  Errors: 0  Failures: 0Cases: 592  Tried: 282  Errors: 0  Failures: 0Cases: 592  Tried: 283  Errors: 0  Failures: 0Cases: 592  Tried: 284  Errors: 0  Failures: 0Cases: 592  Tried: 285  Errors: 0  Failures: 0Cases: 592  Tried: 286  Errors: 0  Failures: 0Cases: 592  Tried: 287  Errors: 0  Failures: 0Cases: 592  Tried: 288  Errors: 0  Failures: 0Cases: 592  Tried: 289  Errors: 0  Failures: 0Cases: 592  Tried: 290  Errors: 0  Failures: 0Cases: 592  Tried: 291  Errors: 0  Failures: 0Cases: 592  Tried: 292  Errors: 0  Failures: 0Cases: 592  Tried: 293  Errors: 0  Failures: 0Cases: 592  Tried: 294  Errors: 0  Failures: 0Cases: 592  Tried: 295  Errors: 0  Failures: 0Cases: 592  Tried: 296  Errors: 0  Failures: 0Cases: 592  Tried: 297  Errors: 0  Failures: 0Cases: 592  Tried: 298  Errors: 0  Failures: 0Cases: 592  Tried: 299  Errors: 0  Failures: 0Cases: 592  Tried: 300  Errors: 0  Failures: 0Cases: 592  Tried: 301  Errors: 0  Failures: 0Cases: 592  Tried: 302  Errors: 0  Failures: 0Cases: 592  Tried: 303  Errors: 0  Failures: 0Cases: 592  Tried: 304  Errors: 0  Failures: 0Cases: 592  Tried: 305  Errors: 0  Failures: 0Cases: 592  Tried: 306  Errors: 0  Failures: 0Cases: 592  Tried: 307  Errors: 0  Failures: 0Cases: 592  Tried: 308  Errors: 0  Failures: 0Cases: 592  Tried: 309  Errors: 0  Failures: 0Cases: 592  Tried: 310  Errors: 0  Failures: 0Cases: 592  Tried: 311  Errors: 0  Failures: 0Cases: 592  Tried: 312  Errors: 0  Failures: 0Cases: 592  Tried: 313  Errors: 0  Failures: 0Cases: 592  Tried: 314  Errors: 0  Failures: 0Cases: 592  Tried: 315  Errors: 0  Failures: 0Cases: 592  Tried: 316  Errors: 0  Failures: 0Cases: 592  Tried: 317  Errors: 0  Failures: 0Cases: 592  Tried: 318  Errors: 0  Failures: 0Cases: 592  Tried: 319  Errors: 0  Failures: 0Cases: 592  Tried: 320  Errors: 0  Failures: 0Cases: 592  Tried: 321  Errors: 0  Failures: 0Cases: 592  Tried: 322  Errors: 0  Failures: 0Cases: 592  Tried: 323  Errors: 0  Failures: 0Cases: 592  Tried: 324  Errors: 0  Failures: 0Cases: 592  Tried: 325  Errors: 0  Failures: 0Cases: 592  Tried: 326  Errors: 0  Failures: 0Cases: 592  Tried: 327  Errors: 0  Failures: 0Cases: 592  Tried: 328  Errors: 0  Failures: 0Cases: 592  Tried: 329  Errors: 0  Failures: 0Cases: 592  Tried: 330  Errors: 0  Failures: 0Cases: 592  Tried: 331  Errors: 0  Failures: 0Cases: 592  Tried: 332  Errors: 0  Failures: 0Cases: 592  Tried: 333  Errors: 0  Failures: 0Cases: 592  Tried: 334  Errors: 0  Failures: 0Cases: 592  Tried: 335  Errors: 0  Failures: 0Cases: 592  Tried: 336  Errors: 0  Failures: 0Cases: 592  Tried: 337  Errors: 0  Failures: 0Cases: 592  Tried: 338  Errors: 0  Failures: 0Cases: 592  Tried: 339  Errors: 0  Failures: 0Cases: 592  Tried: 340  Errors: 0  Failures: 0Cases: 592  Tried: 341  Errors: 0  Failures: 0Cases: 592  Tried: 342  Errors: 0  Failures: 0Cases: 592  Tried: 343  Errors: 0  Failures: 0Cases: 592  Tried: 344  Errors: 0  Failures: 0Cases: 592  Tried: 345  Errors: 0  Failures: 0Cases: 592  Tried: 346  Errors: 0  Failures: 0Cases: 592  Tried: 347  Errors: 0  Failures: 0Cases: 592  Tried: 348  Errors: 0  Failures: 0Cases: 592  Tried: 349  Errors: 0  Failures: 0Cases: 592  Tried: 350  Errors: 0  Failures: 0Cases: 592  Tried: 351  Errors: 0  Failures: 0Cases: 592  Tried: 352  Errors: 0  Failures: 0Cases: 592  Tried: 353  Errors: 0  Failures: 0Cases: 592  Tried: 354  Errors: 0  Failures: 0Cases: 592  Tried: 355  Errors: 0  Failures: 0Cases: 592  Tried: 356  Errors: 0  Failures: 0Cases: 592  Tried: 357  Errors: 0  Failures: 0Cases: 592  Tried: 358  Errors: 0  Failures: 0Cases: 592  Tried: 359  Errors: 0  Failures: 0Cases: 592  Tried: 360  Errors: 0  Failures: 0Cases: 592  Tried: 361  Errors: 0  Failures: 0Cases: 592  Tried: 362  Errors: 0  Failures: 0Cases: 592  Tried: 363  Errors: 0  Failures: 0Cases: 592  Tried: 364  Errors: 0  Failures: 0Cases: 592  Tried: 365  Errors: 0  Failures: 0Cases: 592  Tried: 366  Errors: 0  Failures: 0Cases: 592  Tried: 367  Errors: 0  Failures: 0Cases: 592  Tried: 368  Errors: 0  Failures: 0Cases: 592  Tried: 369  Errors: 0  Failures: 0Cases: 592  Tried: 370  Errors: 0  Failures: 0Cases: 592  Tried: 371  Errors: 0  Failures: 0Cases: 592  Tried: 372  Errors: 0  Failures: 0Cases: 592  Tried: 373  Errors: 0  Failures: 0Cases: 592  Tried: 374  Errors: 0  Failures: 0Cases: 592  Tried: 375  Errors: 0  Failures: 0Cases: 592  Tried: 376  Errors: 0  Failures: 0Cases: 592  Tried: 377  Errors: 0  Failures: 0Cases: 592  Tried: 378  Errors: 0  Failures: 0Cases: 592  Tried: 379  Errors: 0  Failures: 0Cases: 592  Tried: 380  Errors: 0  Failures: 0Cases: 592  Tried: 381  Errors: 0  Failures: 0Cases: 592  Tried: 382  Errors: 0  Failures: 0Cases: 592  Tried: 383  Errors: 0  Failures: 0Cases: 592  Tried: 384  Errors: 0  Failures: 0Cases: 592  Tried: 385  Errors: 0  Failures: 0Cases: 592  Tried: 386  Errors: 0  Failures: 0Cases: 592  Tried: 387  Errors: 0  Failures: 0Cases: 592  Tried: 388  Errors: 0  Failures: 0Cases: 592  Tried: 389  Errors: 0  Failures: 0Cases: 592  Tried: 390  Errors: 0  Failures: 0Cases: 592  Tried: 391  Errors: 0  Failures: 0Cases: 592  Tried: 392  Errors: 0  Failures: 0Cases: 592  Tried: 393  Errors: 0  Failures: 0Cases: 592  Tried: 394  Errors: 0  Failures: 0Cases: 592  Tried: 395  Errors: 0  Failures: 0Cases: 592  Tried: 396  Errors: 0  Failures: 0Cases: 592  Tried: 397  Errors: 0  Failures: 0Cases: 592  Tried: 398  Errors: 0  Failures: 0Cases: 592  Tried: 399  Errors: 0  Failures: 0Cases: 592  Tried: 400  Errors: 0  Failures: 0Cases: 592  Tried: 401  Errors: 0  Failures: 0Cases: 592  Tried: 402  Errors: 0  Failures: 0Cases: 592  Tried: 403  Errors: 0  Failures: 0Cases: 592  Tried: 404  Errors: 0  Failures: 0Cases: 592  Tried: 405  Errors: 0  Failures: 0Cases: 592  Tried: 406  Errors: 0  Failures: 0Cases: 592  Tried: 407  Errors: 0  Failures: 0Cases: 592  Tried: 408  Errors: 0  Failures: 0Cases: 592  Tried: 409  Errors: 0  Failures: 0Cases: 592  Tried: 410  Errors: 0  Failures: 0Cases: 592  Tried: 411  Errors: 0  Failures: 0Cases: 592  Tried: 412  Errors: 0  Failures: 0Cases: 592  Tried: 413  Errors: 0  Failures: 0Cases: 592  Tried: 414  Errors: 0  Failures: 0Cases: 592  Tried: 415  Errors: 0  Failures: 0Cases: 592  Tried: 416  Errors: 0  Failures: 0Cases: 592  Tried: 417  Errors: 0  Failures: 0Cases: 592  Tried: 418  Errors: 0  Failures: 0Cases: 592  Tried: 419  Errors: 0  Failures: 0Cases: 592  Tried: 420  Errors: 0  Failures: 0Cases: 592  Tried: 421  Errors: 0  Failures: 0Cases: 592  Tried: 422  Errors: 0  Failures: 0Cases: 592  Tried: 423  Errors: 0  Failures: 0Cases: 592  Tried: 424  Errors: 0  Failures: 0Cases: 592  Tried: 425  Errors: 0  Failures: 0Cases: 592  Tried: 426  Errors: 0  Failures: 0Cases: 592  Tried: 427  Errors: 0  Failures: 0Cases: 592  Tried: 428  Errors: 0  Failures: 0Cases: 592  Tried: 429  Errors: 0  Failures: 0Cases: 592  Tried: 430  Errors: 0  Failures: 0Cases: 592  Tried: 431  Errors: 0  Failures: 0Cases: 592  Tried: 432  Errors: 0  Failures: 0Cases: 592  Tried: 433  Errors: 0  Failures: 0Cases: 592  Tried: 434  Errors: 0  Failures: 0Cases: 592  Tried: 435  Errors: 0  Failures: 0Cases: 592  Tried: 436  Errors: 0  Failures: 0Cases: 592  Tried: 437  Errors: 0  Failures: 0Cases: 592  Tried: 438  Errors: 0  Failures: 0Cases: 592  Tried: 439  Errors: 0  Failures: 0Cases: 592  Tried: 440  Errors: 0  Failures: 0Cases: 592  Tried: 441  Errors: 0  Failures: 0Cases: 592  Tried: 442  Errors: 0  Failures: 0Cases: 592  Tried: 443  Errors: 0  Failures: 0Cases: 592  Tried: 444  Errors: 0  Failures: 0Cases: 592  Tried: 445  Errors: 0  Failures: 0Cases: 592  Tried: 446  Errors: 0  Failures: 0Cases: 592  Tried: 447  Errors: 0  Failures: 0Cases: 592  Tried: 448  Errors: 0  Failures: 0Cases: 592  Tried: 449  Errors: 0  Failures: 0Cases: 592  Tried: 450  Errors: 0  Failures: 0Cases: 592  Tried: 451  Errors: 0  Failures: 0Cases: 592  Tried: 452  Errors: 0  Failures: 0Cases: 592  Tried: 453  Errors: 0  Failures: 0Cases: 592  Tried: 454  Errors: 0  Failures: 0Cases: 592  Tried: 455  Errors: 0  Failures: 0Cases: 592  Tried: 456  Errors: 0  Failures: 0Cases: 592  Tried: 457  Errors: 0  Failures: 0Cases: 592  Tried: 458  Errors: 0  Failures: 0Cases: 592  Tried: 459  Errors: 0  Failures: 0Cases: 592  Tried: 460  Errors: 0  Failures: 0Cases: 592  Tried: 461  Errors: 0  Failures: 0Cases: 592  Tried: 462  Errors: 0  Failures: 0Cases: 592  Tried: 463  Errors: 0  Failures: 0Cases: 592  Tried: 464  Errors: 0  Failures: 0Cases: 592  Tried: 465  Errors: 0  Failures: 0Cases: 592  Tried: 466  Errors: 0  Failures: 0Cases: 592  Tried: 467  Errors: 0  Failures: 0Cases: 592  Tried: 468  Errors: 0  Failures: 0Cases: 592  Tried: 469  Errors: 0  Failures: 0Cases: 592  Tried: 470  Errors: 0  Failures: 0Cases: 592  Tried: 471  Errors: 0  Failures: 0Cases: 592  Tried: 472  Errors: 0  Failures: 0Cases: 592  Tried: 473  Errors: 0  Failures: 0Cases: 592  Tried: 474  Errors: 0  Failures: 0Cases: 592  Tried: 475  Errors: 0  Failures: 0Cases: 592  Tried: 476  Errors: 0  Failures: 0Cases: 592  Tried: 477  Errors: 0  Failures: 0Cases: 592  Tried: 478  Errors: 0  Failures: 0Cases: 592  Tried: 479  Errors: 0  Failures: 0Cases: 592  Tried: 480  Errors: 0  Failures: 0Cases: 592  Tried: 481  Errors: 0  Failures: 0Cases: 592  Tried: 482  Errors: 0  Failures: 0Cases: 592  Tried: 483  Errors: 0  Failures: 0Cases: 592  Tried: 484  Errors: 0  Failures: 0Cases: 592  Tried: 485  Errors: 0  Failures: 0Cases: 592  Tried: 486  Errors: 0  Failures: 0Cases: 592  Tried: 487  Errors: 0  Failures: 0Cases: 592  Tried: 488  Errors: 0  Failures: 0Cases: 592  Tried: 489  Errors: 0  Failures: 0Cases: 592  Tried: 490  Errors: 0  Failures: 0Cases: 592  Tried: 491  Errors: 0  Failures: 0Cases: 592  Tried: 492  Errors: 0  Failures: 0Cases: 592  Tried: 493  Errors: 0  Failures: 0Cases: 592  Tried: 494  Errors: 0  Failures: 0Cases: 592  Tried: 495  Errors: 0  Failures: 0Cases: 592  Tried: 496  Errors: 0  Failures: 0Cases: 592  Tried: 497  Errors: 0  Failures: 0Cases: 592  Tried: 498  Errors: 0  Failures: 0Cases: 592  Tried: 499  Errors: 0  Failures: 0Cases: 592  Tried: 500  Errors: 0  Failures: 0Cases: 592  Tried: 501  Errors: 0  Failures: 0Cases: 592  Tried: 502  Errors: 0  Failures: 0Cases: 592  Tried: 503  Errors: 0  Failures: 0Cases: 592  Tried: 504  Errors: 0  Failures: 0Cases: 592  Tried: 505  Errors: 0  Failures: 0Cases: 592  Tried: 506  Errors: 0  Failures: 0Cases: 592  Tried: 507  Errors: 0  Failures: 0Cases: 592  Tried: 508  Errors: 0  Failures: 0Cases: 592  Tried: 509  Errors: 0  Failures: 0Cases: 592  Tried: 510  Errors: 0  Failures: 0Cases: 592  Tried: 511  Errors: 0  Failures: 0Cases: 592  Tried: 512  Errors: 0  Failures: 0Cases: 592  Tried: 513  Errors: 0  Failures: 0Cases: 592  Tried: 514  Errors: 0  Failures: 0Cases: 592  Tried: 515  Errors: 0  Failures: 0Cases: 592  Tried: 516  Errors: 0  Failures: 0Cases: 592  Tried: 517  Errors: 0  Failures: 0Cases: 592  Tried: 518  Errors: 0  Failures: 0Cases: 592  Tried: 519  Errors: 0  Failures: 0Cases: 592  Tried: 520  Errors: 0  Failures: 0Cases: 592  Tried: 521  Errors: 0  Failures: 0Cases: 592  Tried: 522  Errors: 0  Failures: 0Cases: 592  Tried: 523  Errors: 0  Failures: 0Cases: 592  Tried: 524  Errors: 0  Failures: 0Cases: 592  Tried: 525  Errors: 0  Failures: 0Cases: 592  Tried: 526  Errors: 0  Failures: 0Cases: 592  Tried: 527  Errors: 0  Failures: 0Cases: 592  Tried: 528  Errors: 0  Failures: 0Cases: 592  Tried: 529  Errors: 0  Failures: 0Cases: 592  Tried: 530  Errors: 0  Failures: 0Cases: 592  Tried: 531  Errors: 0  Failures: 0Cases: 592  Tried: 532  Errors: 0  Failures: 0Cases: 592  Tried: 533  Errors: 0  Failures: 0Cases: 592  Tried: 534  Errors: 0  Failures: 0Cases: 592  Tried: 535  Errors: 0  Failures: 0Cases: 592  Tried: 536  Errors: 0  Failures: 0Cases: 592  Tried: 537  Errors: 0  Failures: 0Cases: 592  Tried: 538  Errors: 0  Failures: 0Cases: 592  Tried: 539  Errors: 0  Failures: 0Cases: 592  Tried: 540  Errors: 0  Failures: 0Cases: 592  Tried: 541  Errors: 0  Failures: 0Cases: 592  Tried: 542  Errors: 0  Failures: 0Cases: 592  Tried: 543  Errors: 0  Failures: 0Cases: 592  Tried: 544  Errors: 0  Failures: 0Cases: 592  Tried: 545  Errors: 0  Failures: 0Cases: 592  Tried: 546  Errors: 0  Failures: 0Cases: 592  Tried: 547  Errors: 0  Failures: 0Cases: 592  Tried: 548  Errors: 0  Failures: 0Cases: 592  Tried: 549  Errors: 0  Failures: 0Cases: 592  Tried: 550  Errors: 0  Failures: 0Cases: 592  Tried: 551  Errors: 0  Failures: 0Cases: 592  Tried: 552  Errors: 0  Failures: 0Cases: 592  Tried: 553  Errors: 0  Failures: 0Cases: 592  Tried: 554  Errors: 0  Failures: 0Cases: 592  Tried: 555  Errors: 0  Failures: 0Cases: 592  Tried: 556  Errors: 0  Failures: 0Cases: 592  Tried: 557  Errors: 0  Failures: 0Cases: 592  Tried: 558  Errors: 0  Failures: 0Cases: 592  Tried: 559  Errors: 0  Failures: 0Cases: 592  Tried: 560  Errors: 0  Failures: 0Cases: 592  Tried: 561  Errors: 0  Failures: 0Cases: 592  Tried: 562  Errors: 0  Failures: 0Cases: 592  Tried: 563  Errors: 0  Failures: 0Cases: 592  Tried: 564  Errors: 0  Failures: 0Cases: 592  Tried: 565  Errors: 0  Failures: 0Cases: 592  Tried: 566  Errors: 0  Failures: 0Cases: 592  Tried: 567  Errors: 0  Failures: 0Cases: 592  Tried: 568  Errors: 0  Failures: 0Cases: 592  Tried: 569  Errors: 0  Failures: 0Cases: 592  Tried: 570  Errors: 0  Failures: 0Cases: 592  Tried: 571  Errors: 0  Failures: 0Cases: 592  Tried: 572  Errors: 0  Failures: 0Cases: 592  Tried: 573  Errors: 0  Failures: 0Cases: 592  Tried: 574  Errors: 0  Failures: 0Cases: 592  Tried: 575  Errors: 0  Failures: 0Cases: 592  Tried: 576  Errors: 0  Failures: 0Cases: 592  Tried: 577  Errors: 0  Failures: 0Cases: 592  Tried: 578  Errors: 0  Failures: 0Cases: 592  Tried: 579  Errors: 0  Failures: 0Cases: 592  Tried: 580  Errors: 0  Failures: 0Cases: 592  Tried: 581  Errors: 0  Failures: 0Cases: 592  Tried: 582  Errors: 0  Failures: 0Cases: 592  Tried: 583  Errors: 0  Failures: 0Cases: 592  Tried: 584  Errors: 0  Failures: 0Cases: 592  Tried: 585  Errors: 0  Failures: 0Cases: 592  Tried: 586  Errors: 0  Failures: 0Cases: 592  Tried: 587  Errors: 0  Failures: 0Cases: 592  Tried: 588  Errors: 0  Failures: 0Cases: 592  Tried: 589  Errors: 0  Failures: 0Cases: 592  Tried: 590  Errors: 0  Failures: 0Cases: 592  Tried: 591  Errors: 0  Failures: 0                                              Cases: 592  Tried: 592  Errors: 0  Failures: 0
