Before
Survived unused retry
Caught: thread blocked indefinitely
Caught: thread blocked indefinitely
