
Starting

Adding trivially true invariant (no TVar access)

Adding trivially true invariant (no TVar access)

Adding a trivially true invariant (TVar access)

Adding an invraiant that's false when attemted to be added
Caught: exception :: [Char]

Writing to a TVar watched by a trivially true invariant

Adding a second trivially true invariant (same TVar access)

Writing to a TVar watched by both trivially true invariants

Adding a trivially false invariant (no TVar access)
Caught: exception :: [Char]

Adding a trivially false invariant (no TVar access)
Caught: exception :: [Char]

Adding a trivially false invariant (no TVar access)
Caught: Transacional invariant violation

Adding a trivially false invariant (with TVar access)
Caught: exception :: [Char]

Adding a third invariant true if TVar != 42

Violating third invariant by setting TVar to 42
Caught: exception :: [Char]

Checking final TVar contents
Final value = 18

Done
